Files:  rm=0  ucb=4010
Lines:  rm=0  ucb=8678

=== elapsed_ms ===
method               n          mean         stdev           min        median           max
--------------------------------------------------------------------------------------------
rm        (no data)
ucb               8678      278.4498      196.0686            50      250.0000           503

=== iterations ===
method               n          mean         stdev           min        median           max
--------------------------------------------------------------------------------------------
rm        (no data)
ucb               8678   310851.6939   568489.6000         25000   186000.0000       7041000

=== nodes_expanded ===
method               n          mean         stdev           min        median           max
--------------------------------------------------------------------------------------------
rm        (no data)
ucb               8678   271743.7858   205531.6967             1   142099.0000        787100

=== max_depth ===
method               n          mean         stdev           min        median           max
--------------------------------------------------------------------------------------------
rm        (no data)
ucb               8678        8.0423        2.2505             1        8.0000            20

=== avg_depth ===
method               n          mean         stdev           min        median           max
--------------------------------------------------------------------------------------------
rm        (no data)
ucb               8678        4.3600        1.1548        1.0000        4.2100        9.8400

=== iters_per_ms ===
method               n          mean         stdev           min        median           max
--------------------------------------------------------------------------------------------
rm        (no data)
ucb               8678     1102.1956     1421.2375      434.2629      756.9721    14082.0000

=== nodes_per_ms ===
method               n          mean         stdev           min        median           max
--------------------------------------------------------------------------------------------
rm        (no data)
ucb               8678     1047.5552      335.5053        0.0020     1103.3050     1964.3500

=== nodes_per_iter ===
method               n          mean         stdev           min        median           max
--------------------------------------------------------------------------------------------
rm        (no data)
ucb               8678        1.3918        0.5138        0.0000        1.4765        3.0916

=== ucb vs rm comparison (mean ratios and Welch t-stat) ===
metric                   rm_mean      ucb_mean      ucb/rm     welch_t
----------------------------------------------------------------------
