Files:  exp3=3712  ucb=3566
Lines:  exp3=8062  ucb=7776

=== elapsed_ms ===
method               n          mean         stdev           min        median           max
--------------------------------------------------------------------------------------------
exp3              8062       92.6113       18.2700            50      100.0000           102
ucb               7776       91.9675       18.5972            50      100.0000           102

=== iterations ===
method               n          mean         stdev           min        median           max
--------------------------------------------------------------------------------------------
exp3              8062    58500.0000    40311.6003         23000    52000.0000        392000
ucb               7776   106529.3210   143312.4804         25000    76000.0000       1307000

=== nodes_expanded ===
method               n          mean         stdev           min        median           max
--------------------------------------------------------------------------------------------
exp3              8062    64480.5437    18954.8992            11    69437.5000        125415
ucb               7776    98235.8405    33535.2434            10   108099.0000        176286

=== max_depth ===
method               n          mean         stdev           min        median           max
--------------------------------------------------------------------------------------------
exp3              8062        8.3446        1.7844             1        8.0000            25
ucb               7776        7.0791        1.7356             1        7.0000            31

=== avg_depth ===
method               n          mean         stdev           min        median           max
--------------------------------------------------------------------------------------------
exp3              8062        4.1393        0.9264        1.0000        4.0800        7.6500
ucb               7776        3.9192        0.9441        1.0000        3.8100        8.5900

=== iters_per_ms ===
method               n          mean         stdev           min        median           max
--------------------------------------------------------------------------------------------
exp3              8062      628.7862      389.8245      376.2376      534.6535     3920.0000
ucb               7776     1128.7629     1410.7384      460.0000      780.0000    13070.0000

=== nodes_per_ms ===
method               n          mean         stdev           min        median           max
--------------------------------------------------------------------------------------------
exp3              8062      708.5866      180.5657        0.1100      735.2970     1334.2549
ucb               7776     1087.0955      319.6447        0.1000     1150.0440     1792.6000

=== nodes_per_iter ===
method               n          mean         stdev           min        median           max
--------------------------------------------------------------------------------------------
exp3              8062        1.3146        0.3977        0.0000        1.3911        2.6172
ucb               7776        1.3999        0.4936        0.0000        1.4892        2.8913

=== ucb vs exp3 comparison (mean ratios and Welch t-stat) ===
metric                 exp3_mean      ucb_mean    ucb/exp3     welch_t
----------------------------------------------------------------------
elapsed_ms               92.6113       91.9675      0.9930      -2.197
iterations            58500.0000   106529.3210      1.8210      28.486
nodes_expanded        64480.5437    98235.8405      1.5235      77.605
max_depth                 8.3446        7.0791      0.8483     -45.244
avg_depth                 4.1393        3.9192      0.9468     -14.804
iters_per_ms            628.7862     1128.7629      1.7951      30.161
nodes_per_ms            708.5866     1087.0955      1.5342      91.310
nodes_per_iter            1.3146        1.3999      1.0649      11.953
