Files:  rm=3431  exp3=3463
Lines:  rm=7530  exp3=7576

=== elapsed_ms ===
method               n          mean         stdev           min        median           max
--------------------------------------------------------------------------------------------
rm                7530       91.9729       19.1122            50      100.0000           103
exp3              7576       91.9640       18.8779            50      100.0000           102

=== iterations ===
method               n          mean         stdev           min        median           max
--------------------------------------------------------------------------------------------
rm                7530    42148.0744    26672.9674         17000    40000.0000        506000
exp3              7576    58921.0665    44787.3491         22000    52000.0000        522000

=== nodes_expanded ===
method               n          mean         stdev           min        median           max
--------------------------------------------------------------------------------------------
rm                7530    51536.0813    15057.7378             1    55111.0000        118142
exp3              7576    64241.8413    21299.8474             1    70002.5000        144350

=== max_depth ===
method               n          mean         stdev           min        median           max
--------------------------------------------------------------------------------------------
rm                7530        7.8680        1.6819             1        8.0000            62
exp3              7576        8.3172        1.9219             1        8.0000            39

=== avg_depth ===
method               n          mean         stdev           min        median           max
--------------------------------------------------------------------------------------------
rm                7530        3.6942        0.7314        1.0000        3.5900        6.6900
exp3              7576        4.1477        0.9636        1.0000        4.0700       10.2700

=== iters_per_ms ===
method               n          mean         stdev           min        median           max
--------------------------------------------------------------------------------------------
rm                7530      454.6388      249.4527      310.0000      401.9608     5060.0000
exp3              7576      635.2835      428.3606      346.5347      534.6535     5220.0000

=== nodes_per_ms ===
method               n          mean         stdev           min        median           max
--------------------------------------------------------------------------------------------
rm                7530      567.9833      130.7615        0.0100      578.6467     1169.7228
exp3              7576      712.3305      205.1058        0.0100      746.9556     1443.5000

=== nodes_per_iter ===
method               n          mean         stdev           min        median           max
--------------------------------------------------------------------------------------------
rm                7530        1.4019        0.3892        0.0000        1.4449        3.1930
exp3              7576        1.3351        0.4315        0.0000        1.4196        3.7862

=== exp3 vs rm comparison (mean ratios and Welch t-stat) ===
metric                   rm_mean     exp3_mean     exp3/rm     welch_t
----------------------------------------------------------------------
elapsed_ms               91.9729       91.9640      0.9999      -0.029
iterations            42148.0744    58921.0665      1.3980      27.984
nodes_expanded        51536.0813    64241.8413      1.2465      42.354
max_depth                 7.8680        8.3172      1.0571      15.288
avg_depth                 3.6942        4.1477      1.1228      32.594
iters_per_ms            454.6388      635.2835      1.3973      31.695
nodes_per_ms            567.9833      712.3305      1.2541      51.607
nodes_per_iter            1.4019        1.3351      0.9523      -9.996
