Files:  rm=1483  ucb=2934
Lines:  rm=3274  ucb=6508

=== elapsed_ms ===
method               n          mean         stdev           min        median           max
--------------------------------------------------------------------------------------------
rm                3274      453.9942       97.7453           250      501.0000           503
ucb               6508      451.1558       99.3661           250      500.0000           502

=== iterations ===
method               n          mean         stdev           min        median           max
--------------------------------------------------------------------------------------------
rm                3274   193406.5363   147059.4073         77000   173000.0000       2529000
ucb               6508   565273.2022   863692.1497        127000   336000.0000       6632000

=== nodes_expanded ===
method               n          mean         stdev           min        median           max
--------------------------------------------------------------------------------------------
rm                3274   212669.4010    63278.7566             1   233000.5000        397865
ucb               6508   410136.7343   170074.3086             1   466040.0000        824018

=== max_depth ===
method               n          mean         stdev           min        median           max
--------------------------------------------------------------------------------------------
rm                3274        9.3299        5.4281             1        9.0000           212
ucb               6508        8.9693        2.8962             1        9.0000           129

=== avg_depth ===
method               n          mean         stdev           min        median           max
--------------------------------------------------------------------------------------------
rm                3274        4.1221        0.7981        1.0000        4.0700        7.0100
ucb               6508        4.6826        1.2434        1.0000        4.6100        9.0900

=== iters_per_ms ===
method               n          mean         stdev           min        median           max
--------------------------------------------------------------------------------------------
rm                3274      420.8737      279.0363      275.4491      355.2894     5058.0000
ucb               6508     1201.2498     1701.8518      423.1537      704.0000    13264.0000

=== nodes_per_ms ===
method               n          mean         stdev           min        median           max
--------------------------------------------------------------------------------------------
rm                3274      475.3109      109.0578        0.0020      489.8415      794.1417
ucb               6508      932.1833      337.5767        0.0020     1019.6444     1723.0040

=== nodes_per_iter ===
method               n          mean         stdev           min        median           max
--------------------------------------------------------------------------------------------
rm                3274        1.3162        0.3760        0.0000        1.3957        2.2513
ucb               6508        1.3318        0.5420        0.0000        1.4840        3.0974

=== ucb vs rm comparison (mean ratios and Welch t-stat) ===
metric                   rm_mean      ucb_mean      ucb/rm     welch_t
----------------------------------------------------------------------
elapsed_ms              453.9942      451.1558      0.9937      -1.348
iterations           193406.5363   565273.2022      2.9227      33.774
nodes_expanded       212669.4010   410136.7343      1.9285      82.946
max_depth                 9.3299        8.9693      0.9613      -3.555
avg_depth                 4.1221        4.6826      1.1360      26.968
iters_per_ms            420.8737     1201.2498      2.8542      36.041
nodes_per_ms            475.3109      932.1833      1.9612      99.360
nodes_per_iter            1.3162        1.3318      1.0118       1.657
