Files:  rm=3413  ucb=6702
Lines:  rm=7450  ucb=14660

=== elapsed_ms ===
method               n          mean         stdev           min        median           max
--------------------------------------------------------------------------------------------
rm                7450       92.4348       18.6651            50      100.0000           103
ucb              14660       91.6790       18.8457            50      100.0000           102

=== iterations ===
method               n          mean         stdev           min        median           max
--------------------------------------------------------------------------------------------
rm                7450    43203.2215    27135.1295         16000    40000.0000        508000
ucb              14660   117426.3302   166609.3613         23000    76000.0000       1404000

=== nodes_expanded ===
method               n          mean         stdev           min        median           max
--------------------------------------------------------------------------------------------
rm                7450    51773.9972    14375.1764             1    55321.5000        104778
ucb              14660    98441.6861    36830.5816             1   110002.5000        191281

=== max_depth ===
method               n          mean         stdev           min        median           max
--------------------------------------------------------------------------------------------
rm                7450        8.0346        2.6420             1        8.0000           153
ucb              14660        7.1974        2.1002             1        7.0000           117

=== avg_depth ===
method               n          mean         stdev           min        median           max
--------------------------------------------------------------------------------------------
rm                7450        3.7312        0.7545        1.0000        3.6700        6.8000
ucb              14660        3.9822        1.0293        1.0000        3.9000        8.3900

=== iters_per_ms ===
method               n          mean         stdev           min        median           max
--------------------------------------------------------------------------------------------
rm                7450      463.4721      254.2759      303.9216      403.8462     5080.0000
ucb              14660     1241.0216     1641.7828      450.9804      790.0000    14040.0000

=== nodes_per_ms ===
method               n          mean         stdev           min        median           max
--------------------------------------------------------------------------------------------
rm                7450      568.1881      126.1343        0.0100      579.9219     1044.5098
ucb              14660     1095.2461      357.4429        0.0100     1178.8350     1983.3000

=== nodes_per_iter ===
method               n          mean         stdev           min        median           max
--------------------------------------------------------------------------------------------
rm                7450        1.3847        0.3940        0.0000        1.4499        2.9446
ucb              14660        1.4036        0.5441        0.0000        1.5242        3.0916

=== ucb vs rm comparison (mean ratios and Welch t-stat) ===
metric                   rm_mean      ucb_mean      ucb/rm     welch_t
----------------------------------------------------------------------
elapsed_ms               92.4348       91.6790      0.9918      -2.837
iterations            43203.2215   117426.3302      2.7180      52.585
nodes_expanded        51773.9972    98441.6861      1.9014     134.568
max_depth                 8.0346        7.1974      0.8958     -23.797
avg_depth                 3.7312        3.9822      1.0673      20.587
iters_per_ms            463.4721     1241.0216      2.6777      56.036
nodes_per_ms            568.1881     1095.2461      1.9276     160.003
nodes_per_iter            1.3847        1.4036      1.0136       2.942
