Files:  rm=3431  ucb=0
Lines:  rm=7530  ucb=0

=== elapsed_ms ===
method               n          mean         stdev           min        median           max
--------------------------------------------------------------------------------------------
rm                7530       91.9729       19.1122            50      100.0000           103
ucb       (no data)

=== iterations ===
method               n          mean         stdev           min        median           max
--------------------------------------------------------------------------------------------
rm                7530    42148.0744    26672.9674         17000    40000.0000        506000
ucb       (no data)

=== nodes_expanded ===
method               n          mean         stdev           min        median           max
--------------------------------------------------------------------------------------------
rm                7530    51536.0813    15057.7378             1    55111.0000        118142
ucb       (no data)

=== max_depth ===
method               n          mean         stdev           min        median           max
--------------------------------------------------------------------------------------------
rm                7530        7.8680        1.6819             1        8.0000            62
ucb       (no data)

=== avg_depth ===
method               n          mean         stdev           min        median           max
--------------------------------------------------------------------------------------------
rm                7530        3.6942        0.7314        1.0000        3.5900        6.6900
ucb       (no data)

=== iters_per_ms ===
method               n          mean         stdev           min        median           max
--------------------------------------------------------------------------------------------
rm                7530      454.6388      249.4527      310.0000      401.9608     5060.0000
ucb       (no data)

=== nodes_per_ms ===
method               n          mean         stdev           min        median           max
--------------------------------------------------------------------------------------------
rm                7530      567.9833      130.7615        0.0100      578.6467     1169.7228
ucb       (no data)

=== nodes_per_iter ===
method               n          mean         stdev           min        median           max
--------------------------------------------------------------------------------------------
rm                7530        1.4019        0.3892        0.0000        1.4449        3.1930
ucb       (no data)

=== ucb vs rm comparison (mean ratios and Welch t-stat) ===
metric                   rm_mean      ucb_mean      ucb/rm     welch_t
----------------------------------------------------------------------
